%!Adobe-FontList 1.20
%Locale:0x409

%BeginFont
Handler:DirectoryHandler
FontType:Invalid
OutlineFileName:/Users/home/Dev/space-grotesk/docs/vietnamese-review/Document fonts/AdobeFnt21.lst
FileLength:4298
FileModTime:611102114
%EndFont

%BeginFont
Handler:DirectoryHandler
FontType:Type1
FontName:SpaceGroteskHornv1-Bold
FamilyName:Space Grotesk (Horn v1)
StyleName:Bold
MenuName:Space Grotesk (Horn v1)
StyleBits:2
WeightClass:700
WidthClass:5
AngleClass:0
FullName:Space Grotesk Horn v1 Bold
WritingScript:Roman
OutlineFileName:/Users/home/Dev/space-grotesk/docs/vietnamese-review/Document fonts/SpaceGroteskHornv1-Bold.otf
DataFormat:sfntData
UsesStandardEncoding:yes
isCFF:yes
hasSVG:no
VariableFontType:NonVariableFont
FileLength:78000
FileModTime:611097545
NameArray:0,Mac,4,Space Grotesk Horn v1 Bold
NameArray:0,Win,1,Space Grotesk (Horn v1)
%EndFont

%BeginFont
Handler:DirectoryHandler
FontType:Type1
FontName:SpaceGroteskHornv1-Regular
FamilyName:Space Grotesk (Horn v1)
StyleName:Regular
MenuName:Space Grotesk (Horn v1)
StyleBits:0
WeightClass:400
WidthClass:5
AngleClass:0
FullName:Space Grotesk Horn v1 Regular
WritingScript:Roman
OutlineFileName:/Users/home/Dev/space-grotesk/docs/vietnamese-review/Document fonts/SpaceGroteskHornv1-Regular.otf
DataFormat:sfntData
UsesStandardEncoding:yes
isCFF:yes
hasSVG:no
VariableFontType:NonVariableFont
FileLength:78872
FileModTime:611097545
NameArray:0,Mac,4,Space Grotesk Horn v1 Regular
NameArray:0,Win,1,Space Grotesk (Horn v1)
%EndFont

%BeginFont
Handler:DirectoryHandler
FontType:Type1
FontName:SpaceGroteskHornv2-Bold
FamilyName:Space Grotesk (Horn v2)
StyleName:Bold
MenuName:Space Grotesk (Horn v2)
StyleBits:2
WeightClass:700
WidthClass:5
AngleClass:0
FullName:Space Grotesk Horn v2 Bold
WritingScript:Roman
OutlineFileName:/Users/home/Dev/space-grotesk/docs/vietnamese-review/Document fonts/SpaceGroteskHornv2-Bold.otf
DataFormat:sfntData
UsesStandardEncoding:yes
isCFF:yes
hasSVG:no
VariableFontType:NonVariableFont
FileLength:78572
FileModTime:611098645
NameArray:0,Mac,4,Space Grotesk Horn v2 Bold
NameArray:0,Win,1,Space Grotesk (Horn v2)
%EndFont

%BeginFont
Handler:DirectoryHandler
FontType:Type1
FontName:SpaceGroteskHornv2-Regular
FamilyName:Space Grotesk (Horn v2)
StyleName:Regular
MenuName:Space Grotesk (Horn v2)
StyleBits:0
WeightClass:400
WidthClass:5
AngleClass:0
FullName:Space Grotesk Horn v2 Regular
WritingScript:Roman
OutlineFileName:/Users/home/Dev/space-grotesk/docs/vietnamese-review/Document fonts/SpaceGroteskHornv2-Regular.otf
DataFormat:sfntData
UsesStandardEncoding:yes
isCFF:yes
hasSVG:no
VariableFontType:NonVariableFont
FileLength:79140
FileModTime:611098645
NameArray:0,Mac,4,Space Grotesk Horn v2 Regular
NameArray:0,Win,1,Space Grotesk (Horn v2)
%EndFont

%BeginFont
Handler:DirectoryHandler
FontType:Type1
FontName:SpaceGroteskHornv3-Bold
FamilyName:Space Grotesk (Horn v3)
StyleName:Bold
MenuName:Space Grotesk (Horn v3)
StyleBits:2
WeightClass:700
WidthClass:5
AngleClass:0
FullName:Space Grotesk Horn v3 Bold
WritingScript:Roman
OutlineFileName:/Users/home/Dev/space-grotesk/docs/vietnamese-review/Document fonts/SpaceGroteskHornv3-Bold.otf
DataFormat:sfntData
UsesStandardEncoding:yes
isCFF:yes
hasSVG:no
VariableFontType:NonVariableFont
FileLength:78072
FileModTime:611101662
NameArray:0,Mac,4,Space Grotesk Horn v3 Bold
NameArray:0,Win,1,Space Grotesk (Horn v3)
%EndFont

%BeginFont
Handler:DirectoryHandler
FontType:Type1
FontName:SpaceGroteskHornv3-Regular
FamilyName:Space Grotesk (Horn v3)
StyleName:Regular
MenuName:Space Grotesk (Horn v3)
StyleBits:0
WeightClass:400
WidthClass:5
AngleClass:0
FullName:Space Grotesk Horn v3 Regular
WritingScript:Roman
OutlineFileName:/Users/home/Dev/space-grotesk/docs/vietnamese-review/Document fonts/SpaceGroteskHornv3-Regular.otf
DataFormat:sfntData
UsesStandardEncoding:yes
isCFF:yes
hasSVG:no
VariableFontType:NonVariableFont
FileLength:78816
FileModTime:611101662
NameArray:0,Mac,4,Space Grotesk Horn v3 Regular
NameArray:0,Win,1,Space Grotesk (Horn v3)
%EndFont

%BeginFont
Handler:DirectoryHandler
FontType:TrueType
FontName:SpaceMono-Bold
FamilyName:Space Mono
StyleName:Bold
MenuName:Space Mono
StyleBits:2
WeightClass:700
WidthClass:5
AngleClass:0
FullName:Space Mono Bold
WritingScript:Roman
OutlineFileName:/Users/home/Dev/space-grotesk/docs/vietnamese-review/Document fonts/SpaceMono-Bold.ttf
DataFormat:sfntData
hasSVG:no
VariableFontType:NonVariableFont
FileLength:86740
FileModTime:487634400
NameArray:0,Win,1,Space Mono
%EndFont

