%!Adobe-FontList 1.20
%Locale:0x409

%BeginFont
Handler:DirectoryHandler
FontType:Invalid
OutlineFileName:/Users/home/Dev/space-grotesk/docs/final-review/Document fonts/AdobeFnt21.lst
FileLength:2122
FileModTime:609790712
%EndFont

%BeginFont
Handler:DirectoryHandler
FontType:Type1
FontName:SpaceGrotesk-Bold
FamilyName:Space Grotesk
StyleName:Bold
MenuName:Space Grotesk
StyleBits:2
WeightClass:700
WidthClass:5
AngleClass:0
FullName:Space Grotesk Bold
WritingScript:Roman
OutlineFileName:/Users/home/Dev/space-grotesk/docs/final-review/Document fonts/SpaceGrotesk-Bold.otf
DataFormat:sfntData
UsesStandardEncoding:yes
isCFF:yes
hasSVG:no
VariableFontType:NonVariableFont
FileLength:59876
FileModTime:609790506
NameArray:0,Mac,4,Space Grotesk Bold
NameArray:0,Win,1,Space Grotesk
%EndFont

%BeginFont
Handler:DirectoryHandler
FontType:Type1
FontName:SpaceGrotesk-Regular
FamilyName:Space Grotesk
StyleName:Regular
MenuName:Space Grotesk
StyleBits:0
WeightClass:400
WidthClass:5
AngleClass:0
FullName:Space Grotesk Regular
WritingScript:Roman
OutlineFileName:/Users/home/Dev/space-grotesk/docs/final-review/Document fonts/SpaceGrotesk-Regular.otf
DataFormat:sfntData
UsesStandardEncoding:yes
isCFF:yes
hasSVG:no
VariableFontType:NonVariableFont
FileLength:60340
FileModTime:609790506
NameArray:0,Mac,4,Space Grotesk Regular
NameArray:0,Win,1,Space Grotesk
%EndFont

%BeginFont
Handler:DirectoryHandler
FontType:TrueType
FontName:SpaceMono-Bold
FamilyName:Space Mono
StyleName:Bold
MenuName:Space Mono
StyleBits:2
WeightClass:700
WidthClass:5
AngleClass:0
FullName:Space Mono Bold
WritingScript:Roman
OutlineFileName:/Users/home/Dev/space-grotesk/docs/final-review/Document fonts/SpaceMono-Bold.ttf
DataFormat:sfntData
hasSVG:no
VariableFontType:NonVariableFont
FileLength:86740
FileModTime:487634400
NameArray:0,Win,1,Space Mono
%EndFont

%BeginFont
Handler:DirectoryHandler
FontType:TrueType
FontName:SpaceMono-Regular
FamilyName:Space Mono
StyleName:Regular
MenuName:Space Mono
StyleBits:0
WeightClass:400
WidthClass:5
AngleClass:0
FullName:Space Mono
WritingScript:Roman
OutlineFileName:/Users/home/Dev/space-grotesk/docs/final-review/Document fonts/SpaceMono-Regular.ttf
DataFormat:sfntData
hasSVG:no
VariableFontType:NonVariableFont
FileLength:90972
FileModTime:487634400
NameArray:0,Win,1,Space Mono
%EndFont

